// Jest Snapshot v1, https://goo.gl/fbAQLP

exports[`Input: default 1`] = `
<div
  className="input-container"
>
  <input
    aria-label="Zoeken"
    className="input-element"
    placeholder="Zoeken"
    style={
      Object {
        "backgroundImage": "url(/images/magnifying-glass.svg)",
      }
    }
  />
  <div
    className="input-reset-container"
  >
    <button
      aria-label="Reset"
      className="input-reset"
      onClick={[Function]}
      type="button"
    >
      <img
        alt="Reset"
        src="/images/cancel.svg"
      />
    </button>
  </div>
</div>
`;
